
===========================================================================
 report_power
============================================================================
======================= Fastest Corner ===================================

Group                  Internal  Switching    Leakage      Total
                          Power      Power      Power      Power (Watts)
----------------------------------------------------------------
Sequential             1.07e-03   3.03e-04   1.41e-07   1.38e-03   0.0%
Combinational          1.51e+01   1.84e+01   3.24e-08   3.35e+01 100.0%
Clock                  2.15e-04   3.64e-04   9.47e-09   5.80e-04   0.0%
Macro                  0.00e+00   0.00e+00   0.00e+00   0.00e+00   0.0%
Pad                    0.00e+00   0.00e+00   0.00e+00   0.00e+00   0.0%
----------------------------------------------------------------
Total                  1.51e+01   1.84e+01   1.83e-07   3.35e+01 100.0%
                          45.0%      55.0%       0.0%

======================= Slowest Corner ===================================

Group                  Internal  Switching    Leakage      Total
                          Power      Power      Power      Power (Watts)
----------------------------------------------------------------
Sequential             7.23e-04   2.01e-04   2.76e-06   9.26e-04   0.0%
Combinational          1.12e+01   1.21e+01   2.06e-05   2.32e+01 100.0%
Clock                  1.54e-04   2.34e-04   2.83e-07   3.89e-04   0.0%
Macro                  0.00e+00   0.00e+00   0.00e+00   0.00e+00   0.0%
Pad                    0.00e+00   0.00e+00   0.00e+00   0.00e+00   0.0%
----------------------------------------------------------------
Total                  1.12e+01   1.21e+01   2.36e-05   2.32e+01 100.0%
                          48.0%      52.0%       0.0%

======================= Typical Corner ===================================

Group                  Internal  Switching    Leakage      Total
                          Power      Power      Power      Power (Watts)
----------------------------------------------------------------
Sequential             9.27e-04   2.56e-04   1.40e-07   1.18e-03   0.0%
Combinational          1.37e+01   1.55e+01   1.64e-08   2.92e+01 100.0%
Clock                  1.88e-04   3.06e-04   8.83e-09   4.94e-04   0.0%
Macro                  0.00e+00   0.00e+00   0.00e+00   0.00e+00   0.0%
Pad                    0.00e+00   0.00e+00   0.00e+00   0.00e+00   0.0%
----------------------------------------------------------------
Total                  1.37e+01   1.55e+01   1.65e-07   2.92e+01 100.0%
                          46.9%      53.1%       0.0%

