
===========================================================================
 report_power
============================================================================
======================= Fastest Corner ===================================

Group                  Internal  Switching    Leakage      Total
                          Power      Power      Power      Power (Watts)
----------------------------------------------------------------
Sequential             1.07e-03   2.89e-04   1.41e-07   1.36e-03   0.0%
Combinational          1.50e+01   1.80e+01   3.24e-08   3.30e+01 100.0%
Clock                  2.15e-04   3.54e-04   9.47e-09   5.69e-04   0.0%
Macro                  0.00e+00   0.00e+00   0.00e+00   0.00e+00   0.0%
Pad                    0.00e+00   0.00e+00   0.00e+00   0.00e+00   0.0%
----------------------------------------------------------------
Total                  1.50e+01   1.80e+01   1.83e-07   3.30e+01 100.0%
                          45.6%      54.4%       0.0%

======================= Slowest Corner ===================================

Group                  Internal  Switching    Leakage      Total
                          Power      Power      Power      Power (Watts)
----------------------------------------------------------------
Sequential             7.23e-04   1.92e-04   2.76e-06   9.17e-04   0.0%
Combinational          1.12e+01   1.18e+01   2.06e-05   2.30e+01 100.0%
Clock                  1.55e-04   2.27e-04   2.83e-07   3.82e-04   0.0%
Macro                  0.00e+00   0.00e+00   0.00e+00   0.00e+00   0.0%
Pad                    0.00e+00   0.00e+00   0.00e+00   0.00e+00   0.0%
----------------------------------------------------------------
Total                  1.12e+01   1.18e+01   2.36e-05   2.30e+01 100.0%
                          48.6%      51.4%       0.0%

======================= Typical Corner ===================================

Group                  Internal  Switching    Leakage      Total
                          Power      Power      Power      Power (Watts)
----------------------------------------------------------------
Sequential             9.27e-04   2.44e-04   1.40e-07   1.17e-03   0.0%
Combinational          1.37e+01   1.51e+01   1.64e-08   2.88e+01 100.0%
Clock                  1.88e-04   2.97e-04   8.83e-09   4.85e-04   0.0%
Macro                  0.00e+00   0.00e+00   0.00e+00   0.00e+00   0.0%
Pad                    0.00e+00   0.00e+00   0.00e+00   0.00e+00   0.0%
----------------------------------------------------------------
Total                  1.37e+01   1.51e+01   1.65e-07   2.88e+01 100.0%
                          47.5%      52.5%       0.0%

