
===========================================================================
report_checks -unconstrained
===========================================================================
======================= Typical Corner ===================================

Startpoint: reset (input port clocked by clk)
Endpoint: _8759_ (recovery check against rising-edge clock clk)
Path Group: asynchronous
Path Type: max

Fanout     Cap    Slew   Delay    Time   Description
-----------------------------------------------------------------------------
                          0.00    0.00   clock clk (rise edge)
                          0.00    0.00   clock network delay (propagated)
                          2.00    2.00 v input external delay
     1    0.01    0.02    0.01    2.01 v reset (in)
                                         reset (net)
                  0.02    0.00    2.01 v _8370_/A (sky130_fd_sc_hd__buf_4)
    10    0.06    0.08    0.19    2.20 v _8370_/X (sky130_fd_sc_hd__buf_4)
                                         _3995_ (net)
                  0.08    0.00    2.21 v _8518_/A (sky130_fd_sc_hd__buf_4)
    10    0.05    0.08    0.21    2.41 v _8518_/X (sky130_fd_sc_hd__buf_4)
                                         _4069_ (net)
                  0.08    0.00    2.42 v _8521_/A (sky130_fd_sc_hd__inv_2)
     1    0.01    0.04    0.06    2.48 ^ _8521_/Y (sky130_fd_sc_hd__inv_2)
                                         _0032_ (net)
                  0.04    0.00    2.48 ^ _8759_/RESET_B (sky130_fd_sc_hd__dfrtp_4)
                                  2.48   data arrival time

                         10.00   10.00   clock clk (rise edge)
                          0.00   10.00   clock source latency
     1    0.01    0.04    0.03   10.03 ^ clk (in)
                                         clk (net)
                  0.04    0.00   10.03 ^ clkbuf_0_clk/A (sky130_fd_sc_hd__clkbuf_16)
    16    0.07    0.09    0.15   10.18 ^ clkbuf_0_clk/X (sky130_fd_sc_hd__clkbuf_16)
                                         clknet_0_clk (net)
                  0.09    0.00   10.18 ^ clkbuf_4_13_0_clk/A (sky130_fd_sc_hd__clkbuf_8)
    14    0.03    0.07    0.16   10.34 ^ clkbuf_4_13_0_clk/X (sky130_fd_sc_hd__clkbuf_8)
                                         clknet_4_13_0_clk (net)
                  0.07    0.00   10.34 ^ _8759_/CLK (sky130_fd_sc_hd__dfrtp_4)
                         -0.25   10.09   clock uncertainty
                          0.00   10.09   clock reconvergence pessimism
                          0.23   10.31   library recovery time
                                 10.31   data required time
-----------------------------------------------------------------------------
                                 10.31   data required time
                                 -2.48   data arrival time
-----------------------------------------------------------------------------
                                  7.83   slack (MET)


Startpoint: _8865_ (rising edge-triggered flip-flop clocked by clk)
Endpoint: seg[1] (output port clocked by clk)
Path Group: clk
Path Type: max

Fanout     Cap    Slew   Delay    Time   Description
-----------------------------------------------------------------------------
                          0.00    0.00   clock clk (rise edge)
                          0.00    0.00   clock source latency
     1    0.01    0.04    0.03    0.03 ^ clk (in)
                                         clk (net)
                  0.04    0.00    0.03 ^ clkbuf_0_clk/A (sky130_fd_sc_hd__clkbuf_16)
    16    0.07    0.09    0.17    0.20 ^ clkbuf_0_clk/X (sky130_fd_sc_hd__clkbuf_16)
                                         clknet_0_clk (net)
                  0.09    0.00    0.20 ^ clkbuf_4_5_0_clk/A (sky130_fd_sc_hd__clkbuf_8)
    11    0.03    0.07    0.17    0.37 ^ clkbuf_4_5_0_clk/X (sky130_fd_sc_hd__clkbuf_8)
                                         clknet_4_5_0_clk (net)
                  0.07    0.00    0.37 ^ _8865_/CLK (sky130_fd_sc_hd__dfxtp_4)
     6    0.02    0.05    0.39    0.76 v _8865_/Q (sky130_fd_sc_hd__dfxtp_4)
                                         display.refresh_counter[17] (net)
                  0.05    0.00    0.76 v _4993_/B (sky130_fd_sc_hd__and2_4)
     1    0.00    0.03    0.16    0.92 v _4993_/X (sky130_fd_sc_hd__and2_4)
                                         _0652_ (net)
                  0.03    0.00    0.92 v _4994_/A (sky130_fd_sc_hd__buf_6)
     6    0.02    0.03    0.13    1.05 v _4994_/X (sky130_fd_sc_hd__buf_6)
                                         _0653_ (net)
                  0.03    0.00    1.05 v _5006_/B (sky130_fd_sc_hd__or3_4)
     2    0.01    0.07    0.38    1.43 v _5006_/X (sky130_fd_sc_hd__or3_4)
                                         _0665_ (net)
                  0.07    0.00    1.43 v _5010_/A2 (sky130_fd_sc_hd__a21o_1)
     3    0.01    0.06    0.23    1.65 v _5010_/X (sky130_fd_sc_hd__a21o_1)
                                         _0669_ (net)
                  0.06    0.00    1.65 v _5012_/B1 (sky130_fd_sc_hd__a221o_1)
     2    0.01    0.06    0.33    1.98 v _5012_/X (sky130_fd_sc_hd__a221o_1)
                                         _0671_ (net)
                  0.06    0.00    1.98 v _5017_/A1 (sky130_fd_sc_hd__a31o_1)
     4    0.01    0.08    0.24    2.21 v _5017_/X (sky130_fd_sc_hd__a31o_1)
                                         _0676_ (net)
                  0.08    0.00    2.21 v _5020_/A2 (sky130_fd_sc_hd__o211a_4)
     5    0.02    0.06    0.28    2.49 v _5020_/X (sky130_fd_sc_hd__o211a_4)
                                         _0679_ (net)
                  0.06    0.00    2.49 v _5046_/S (sky130_fd_sc_hd__mux2_4)
     3    0.01    0.07    0.34    2.83 v _5046_/X (sky130_fd_sc_hd__mux2_4)
                                         _0705_ (net)
                  0.07    0.00    2.83 v _5047_/A (sky130_fd_sc_hd__xnor2_2)
     2    0.01    0.06    0.16    2.99 v _5047_/Y (sky130_fd_sc_hd__xnor2_2)
                                         _0706_ (net)
                  0.06    0.00    2.99 v _5054_/A2 (sky130_fd_sc_hd__a21o_1)
     3    0.01    0.07    0.23    3.22 v _5054_/X (sky130_fd_sc_hd__a21o_1)
                                         _0713_ (net)
                  0.07    0.00    3.22 v _5057_/A1 (sky130_fd_sc_hd__a221o_1)
     2    0.01    0.07    0.35    3.58 v _5057_/X (sky130_fd_sc_hd__a221o_1)
                                         _0716_ (net)
                  0.07    0.00    3.58 v _5061_/A (sky130_fd_sc_hd__and3_1)
     4    0.01    0.06    0.18    3.76 v _5061_/X (sky130_fd_sc_hd__and3_1)
                                         _0720_ (net)
                  0.06    0.00    3.76 v _5071_/A3 (sky130_fd_sc_hd__o31a_1)
     3    0.01    0.08    0.29    4.04 v _5071_/X (sky130_fd_sc_hd__o31a_1)
                                         _0730_ (net)
                  0.08    0.00    4.04 v _5073_/A2 (sky130_fd_sc_hd__o32a_4)
     1    0.01    0.06    0.39    4.44 v _5073_/X (sky130_fd_sc_hd__o32a_4)
                                         _0732_ (net)
                  0.06    0.00    4.44 v _5075_/A1 (sky130_fd_sc_hd__a21oi_4)
     6    0.02    0.21    0.22    4.66 ^ _5075_/Y (sky130_fd_sc_hd__a21oi_4)
                                         _0734_ (net)
                  0.21    0.00    4.66 ^ _5076_/A (sky130_fd_sc_hd__nor2_4)
     3    0.01    0.06    0.08    4.74 v _5076_/Y (sky130_fd_sc_hd__nor2_4)
                                         _0735_ (net)
                  0.06    0.00    4.74 v _5077_/A (sky130_fd_sc_hd__buf_6)
     5    0.02    0.03    0.14    4.88 v _5077_/X (sky130_fd_sc_hd__buf_6)
                                         _0736_ (net)
                  0.03    0.00    4.88 v _5082_/A (sky130_fd_sc_hd__and3_1)
     2    0.01    0.07    0.18    5.06 v _5082_/X (sky130_fd_sc_hd__and3_1)
                                         _0741_ (net)
                  0.07    0.00    5.06 v _5083_/A (sky130_fd_sc_hd__xor2_2)
     3    0.02    0.10    0.22    5.28 v _5083_/X (sky130_fd_sc_hd__xor2_2)
                                         _0742_ (net)
                  0.10    0.00    5.28 v _5084_/A (sky130_fd_sc_hd__xnor2_2)
     2    0.01    0.07    0.17    5.45 v _5084_/Y (sky130_fd_sc_hd__xnor2_2)
                                         _0743_ (net)
                  0.07    0.00    5.45 v _5110_/A1 (sky130_fd_sc_hd__o41a_1)
     3    0.01    0.10    0.50    5.95 v _5110_/X (sky130_fd_sc_hd__o41a_1)
                                         _0769_ (net)
                  0.10    0.00    5.95 v _5120_/A2 (sky130_fd_sc_hd__a21o_1)
     3    0.01    0.06    0.24    6.19 v _5120_/X (sky130_fd_sc_hd__a21o_1)
                                         _0779_ (net)
                  0.06    0.00    6.19 v _5128_/A1 (sky130_fd_sc_hd__a311o_1)
     1    0.01    0.08    0.32    6.50 v _5128_/X (sky130_fd_sc_hd__a311o_1)
                                         _0787_ (net)
                  0.08    0.00    6.50 v _5129_/A1 (sky130_fd_sc_hd__a21oi_4)
     4    0.02    0.19    0.22    6.72 ^ _5129_/Y (sky130_fd_sc_hd__a21oi_4)
                                         _0788_ (net)
                  0.19    0.00    6.72 ^ _5157_/S (sky130_fd_sc_hd__mux2_4)
     3    0.03    0.09    0.39    7.12 v _5157_/X (sky130_fd_sc_hd__mux2_4)
                                         _0816_ (net)
                  0.09    0.00    7.12 v _5158_/A (sky130_fd_sc_hd__xnor2_4)
     3    0.01    0.06    0.17    7.29 v _5158_/Y (sky130_fd_sc_hd__xnor2_4)
                                         _0817_ (net)
                  0.06    0.00    7.29 v _5161_/A1 (sky130_fd_sc_hd__a211o_1)
     2    0.01    0.07    0.29    7.58 v _5161_/X (sky130_fd_sc_hd__a211o_1)
                                         _0820_ (net)
                  0.07    0.00    7.58 v _5166_/A1 (sky130_fd_sc_hd__a21o_1)
     3    0.01    0.06    0.20    7.78 v _5166_/X (sky130_fd_sc_hd__a21o_1)
                                         _0825_ (net)
                  0.06    0.00    7.78 v _5171_/A1 (sky130_fd_sc_hd__a211o_1)
     3    0.01    0.08    0.31    8.09 v _5171_/X (sky130_fd_sc_hd__a211o_1)
                                         _0830_ (net)
                  0.08    0.00    8.09 v _5185_/A1 (sky130_fd_sc_hd__a31o_1)
     2    0.01    0.07    0.23    8.32 v _5185_/X (sky130_fd_sc_hd__a31o_1)
                                         _0844_ (net)
                  0.07    0.00    8.32 v _5190_/A1 (sky130_fd_sc_hd__a21boi_2)
     3    0.01    0.15    0.19    8.51 ^ _5190_/Y (sky130_fd_sc_hd__a21boi_2)
                                         _0849_ (net)
                  0.15    0.00    8.51 ^ _5192_/A3 (sky130_fd_sc_hd__o31a_1)
     2    0.02    0.18    0.24    8.76 ^ _5192_/X (sky130_fd_sc_hd__o31a_1)
                                         _0851_ (net)
                  0.18    0.00    8.76 ^ _5194_/A1 (sky130_fd_sc_hd__a21oi_4)
     5    0.02    0.07    0.10    8.86 v _5194_/Y (sky130_fd_sc_hd__a21oi_4)
                                         _0853_ (net)
                  0.07    0.00    8.86 v _5196_/B (sky130_fd_sc_hd__nor2_4)
     3    0.01    0.11    0.13    8.98 ^ _5196_/Y (sky130_fd_sc_hd__nor2_4)
                                         _0855_ (net)
                  0.11    0.00    8.98 ^ _5211_/S (sky130_fd_sc_hd__mux2_4)
     4    0.01    0.07    0.35    9.34 v _5211_/X (sky130_fd_sc_hd__mux2_4)
                                         _0870_ (net)
                  0.07    0.00    9.34 v _5212_/B (sky130_fd_sc_hd__xnor2_1)
     3    0.01    0.09    0.17    9.51 v _5212_/Y (sky130_fd_sc_hd__xnor2_1)
                                         _0871_ (net)
                  0.09    0.00    9.51 v _5220_/B (sky130_fd_sc_hd__or3_4)
     3    0.02    0.08    0.43    9.93 v _5220_/X (sky130_fd_sc_hd__or3_4)
                                         _0879_ (net)
                  0.08    0.00    9.93 v _5234_/A2 (sky130_fd_sc_hd__a21oi_4)
     4    0.02    0.16    0.21   10.15 ^ _5234_/Y (sky130_fd_sc_hd__a21oi_4)
                                         _0893_ (net)
                  0.16    0.00   10.15 ^ _5256_/A2 (sky130_fd_sc_hd__a31o_4)
     4    0.02    0.08    0.22   10.36 ^ _5256_/X (sky130_fd_sc_hd__a31o_4)
                                         _0915_ (net)
                  0.08    0.00   10.37 ^ _5280_/A1 (sky130_fd_sc_hd__a41oi_4)
     3    0.02    0.14    0.13   10.50 v _5280_/Y (sky130_fd_sc_hd__a41oi_4)
                                         _0939_ (net)
                  0.14    0.00   10.50 v _5281_/A2 (sky130_fd_sc_hd__a21oi_4)
     6    0.02    0.22    0.28   10.78 ^ _5281_/Y (sky130_fd_sc_hd__a21oi_4)
                                         _0940_ (net)
                  0.22    0.00   10.78 ^ _5292_/S (sky130_fd_sc_hd__mux2_4)
     3    0.01    0.06    0.36   11.13 v _5292_/X (sky130_fd_sc_hd__mux2_4)
                                         _0951_ (net)
                  0.06    0.00   11.13 v _5297_/A1 (sky130_fd_sc_hd__a22o_1)
     3    0.01    0.08    0.27   11.40 v _5297_/X (sky130_fd_sc_hd__a22o_1)
                                         _0956_ (net)
                  0.08    0.00   11.40 v _5317_/A2 (sky130_fd_sc_hd__o2111a_1)
     2    0.00    0.05    0.26   11.66 v _5317_/X (sky130_fd_sc_hd__o2111a_1)
                                         _0976_ (net)
                  0.05    0.00   11.66 v _5333_/A3 (sky130_fd_sc_hd__a31o_1)
     4    0.01    0.07    0.26   11.92 v _5333_/X (sky130_fd_sc_hd__a31o_1)
                                         _0992_ (net)
                  0.07    0.00   11.92 v _5352_/A2 (sky130_fd_sc_hd__o31a_4)
     4    0.02    0.07    0.39   12.31 v _5352_/X (sky130_fd_sc_hd__o31a_4)
                                         _1011_ (net)
                  0.07    0.00   12.31 v _5394_/A2 (sky130_fd_sc_hd__a21o_1)
     5    0.01    0.08    0.24   12.55 v _5394_/X (sky130_fd_sc_hd__a21o_1)
                                         _1053_ (net)
                  0.08    0.00   12.55 v _5419_/A2 (sky130_fd_sc_hd__a21oi_2)
     4    0.01    0.18    0.23   12.77 ^ _5419_/Y (sky130_fd_sc_hd__a21oi_2)
                                         _1078_ (net)
                  0.18    0.00   12.78 ^ _5422_/B (sky130_fd_sc_hd__nor3_1)
     3    0.01    0.07    0.11   12.89 v _5422_/Y (sky130_fd_sc_hd__nor3_1)
                                         _1081_ (net)
                  0.07    0.00   12.89 v _5424_/C (sky130_fd_sc_hd__or4_4)
     1    0.00    0.08    0.50   13.39 v _5424_/X (sky130_fd_sc_hd__or4_4)
                                         _1083_ (net)
                  0.08    0.00   13.39 v _5432_/A2 (sky130_fd_sc_hd__o31a_1)
     2    0.01    0.07    0.32   13.71 v _5432_/X (sky130_fd_sc_hd__o31a_1)
                                         _1091_ (net)
                  0.07    0.00   13.71 v _5435_/A1 (sky130_fd_sc_hd__o211a_1)
     3    0.01    0.07    0.28   13.99 v _5435_/X (sky130_fd_sc_hd__o211a_1)
                                         _1094_ (net)
                  0.07    0.00   13.99 v _5451_/A2 (sky130_fd_sc_hd__o311a_1)
     2    0.01    0.07    0.37   14.36 v _5451_/X (sky130_fd_sc_hd__o311a_1)
                                         _1110_ (net)
                  0.07    0.00   14.36 v _5454_/D (sky130_fd_sc_hd__or4_4)
     1    0.01    0.09    0.44   14.80 v _5454_/X (sky130_fd_sc_hd__or4_4)
                                         _1113_ (net)
                  0.09    0.00   14.80 v _5455_/A1 (sky130_fd_sc_hd__a31o_4)
     3    0.02    0.06    0.28   15.08 v _5455_/X (sky130_fd_sc_hd__a31o_4)
                                         _1114_ (net)
                  0.06    0.00   15.08 v _5457_/A1 (sky130_fd_sc_hd__a21oi_4)
     5    0.02    0.21    0.22   15.30 ^ _5457_/Y (sky130_fd_sc_hd__a21oi_4)
                                         _1116_ (net)
                  0.21    0.00   15.30 ^ _5504_/S (sky130_fd_sc_hd__mux2_4)
     3    0.01    0.06    0.36   15.66 v _5504_/X (sky130_fd_sc_hd__mux2_4)
                                         _1163_ (net)
                  0.06    0.00   15.66 v _5505_/A (sky130_fd_sc_hd__or2_4)
     3    0.01    0.05    0.27   15.93 v _5505_/X (sky130_fd_sc_hd__or2_4)
                                         _1164_ (net)
                  0.05    0.00   15.93 v _5515_/A2 (sky130_fd_sc_hd__a2111o_1)
     3    0.01    0.09    0.47   16.40 v _5515_/X (sky130_fd_sc_hd__a2111o_1)
                                         _1174_ (net)
                  0.09    0.00   16.40 v _5522_/A1 (sky130_fd_sc_hd__a21o_1)
     2    0.01    0.08    0.23   16.62 v _5522_/X (sky130_fd_sc_hd__a21o_1)
                                         _1181_ (net)
                  0.08    0.00   16.62 v _5536_/A (sky130_fd_sc_hd__nand2_4)
     3    0.02    0.07    0.09   16.72 ^ _5536_/Y (sky130_fd_sc_hd__nand2_4)
                                         _1195_ (net)
                  0.07    0.00   16.72 ^ _5555_/A (sky130_fd_sc_hd__nand4_4)
     4    0.03    0.15    0.13   16.85 v _5555_/Y (sky130_fd_sc_hd__nand4_4)
                                         _1214_ (net)
                  0.15    0.00   16.85 v _5562_/A1 (sky130_fd_sc_hd__a21oi_4)
     5    0.02    0.21    0.24   17.09 ^ _5562_/Y (sky130_fd_sc_hd__a21oi_4)
                                         _1221_ (net)
                  0.21    0.00   17.09 ^ _5593_/S (sky130_fd_sc_hd__mux2_4)
     6    0.02    0.07    0.38   17.47 v _5593_/X (sky130_fd_sc_hd__mux2_4)
                                         _1252_ (net)
                  0.07    0.00   17.47 v _5594_/B (sky130_fd_sc_hd__and2_4)
     4    0.01    0.04    0.19   17.66 v _5594_/X (sky130_fd_sc_hd__and2_4)
                                         _1253_ (net)
                  0.04    0.00   17.66 v _5606_/B (sky130_fd_sc_hd__or3b_4)
     4    0.01    0.08    0.40   18.06 v _5606_/X (sky130_fd_sc_hd__or3b_4)
                                         _1265_ (net)
                  0.08    0.00   18.06 v _5627_/A2 (sky130_fd_sc_hd__a2111o_1)
     4    0.01    0.11    0.51   18.57 v _5627_/X (sky130_fd_sc_hd__a2111o_1)
                                         _1286_ (net)
                  0.11    0.00   18.57 v _5666_/A2 (sky130_fd_sc_hd__a21o_4)
     5    0.03    0.06    0.29   18.85 v _5666_/X (sky130_fd_sc_hd__a21o_4)
                                         _1325_ (net)
                  0.06    0.00   18.86 v _5733_/A2 (sky130_fd_sc_hd__a211o_1)
     2    0.01    0.06    0.33   19.18 v _5733_/X (sky130_fd_sc_hd__a211o_1)
                                         _1392_ (net)
                  0.06    0.00   19.18 v _5734_/C1 (sky130_fd_sc_hd__o211a_1)
     3    0.01    0.07    0.15   19.33 v _5734_/X (sky130_fd_sc_hd__o211a_1)
                                         _1393_ (net)
                  0.07    0.00   19.33 v _5760_/A (sky130_fd_sc_hd__or2b_4)
     3    0.01    0.05    0.28   19.60 v _5760_/X (sky130_fd_sc_hd__or2b_4)
                                         _1419_ (net)
                  0.05    0.00   19.60 v _5761_/A (sky130_fd_sc_hd__or4_4)
     2    0.01    0.09    0.56   20.17 v _5761_/X (sky130_fd_sc_hd__or4_4)
                                         _1420_ (net)
                  0.09    0.00   20.17 v _5762_/A (sky130_fd_sc_hd__or4_4)
     2    0.01    0.09    0.57   20.74 v _5762_/X (sky130_fd_sc_hd__or4_4)
                                         _1421_ (net)
                  0.09    0.00   20.74 v _5779_/A1 (sky130_fd_sc_hd__a31o_1)
     1    0.00    0.04    0.20   20.94 v _5779_/X (sky130_fd_sc_hd__a31o_1)
                                         _1438_ (net)
                  0.04    0.00   20.94 v _5786_/A (sky130_fd_sc_hd__and3_1)
     2    0.01    0.06    0.17   21.11 v _5786_/X (sky130_fd_sc_hd__and3_1)
                                         _1445_ (net)
                  0.06    0.00   21.11 v _5791_/A1 (sky130_fd_sc_hd__a21oi_2)
     2    0.01    0.14    0.17   21.29 ^ _5791_/Y (sky130_fd_sc_hd__a21oi_2)
                                         _1450_ (net)
                  0.14    0.00   21.29 ^ _5796_/A2 (sky130_fd_sc_hd__o21a_4)
     5    0.03    0.11    0.21   21.49 ^ _5796_/X (sky130_fd_sc_hd__o21a_4)
                                         _1455_ (net)
                  0.11    0.00   21.49 ^ _5856_/S (sky130_fd_sc_hd__mux2_4)
     4    0.01    0.06    0.35   21.84 v _5856_/X (sky130_fd_sc_hd__mux2_4)
                                         _1515_ (net)
                  0.06    0.00   21.84 v _5858_/B (sky130_fd_sc_hd__and2_4)
     1    0.00    0.03    0.16   22.01 v _5858_/X (sky130_fd_sc_hd__and2_4)
                                         _1517_ (net)
                  0.03    0.00   22.01 v _5859_/A (sky130_fd_sc_hd__or2_4)
     3    0.01    0.06    0.27   22.27 v _5859_/X (sky130_fd_sc_hd__or2_4)
                                         _1518_ (net)
                  0.06    0.00   22.27 v _5867_/C (sky130_fd_sc_hd__or4b_4)
     1    0.00    0.08    0.50   22.77 v _5867_/X (sky130_fd_sc_hd__or4b_4)
                                         _1526_ (net)
                  0.08    0.00   22.77 v _5868_/B1_N (sky130_fd_sc_hd__o21bai_4)
     3    0.01    0.06    0.20   22.97 v _5868_/Y (sky130_fd_sc_hd__o21bai_4)
                                         _1527_ (net)
                  0.06    0.00   22.97 v _5887_/A2 (sky130_fd_sc_hd__a211o_1)
     2    0.01    0.06    0.33   23.30 v _5887_/X (sky130_fd_sc_hd__a211o_1)
                                         _1546_ (net)
                  0.06    0.00   23.30 v _5893_/A2 (sky130_fd_sc_hd__a21o_1)
     4    0.01    0.07    0.23   23.52 v _5893_/X (sky130_fd_sc_hd__a21o_1)
                                         _1552_ (net)
                  0.07    0.00   23.52 v _5906_/A1 (sky130_fd_sc_hd__a2111o_1)
     3    0.02    0.14    0.48   24.00 v _5906_/X (sky130_fd_sc_hd__a2111o_1)
                                         _1565_ (net)
                  0.14    0.00   24.00 v _5909_/A1 (sky130_fd_sc_hd__a21oi_4)
     6    0.04    0.31    0.33   24.34 ^ _5909_/Y (sky130_fd_sc_hd__a21oi_4)
                                         _1568_ (net)
                  0.31    0.00   24.34 ^ _5910_/A (sky130_fd_sc_hd__buf_6)
     5    0.03    0.08    0.19   24.53 ^ _5910_/X (sky130_fd_sc_hd__buf_6)
                                         _1569_ (net)
                  0.08    0.00   24.53 ^ _5933_/B (sky130_fd_sc_hd__nor2_4)
     2    0.01    0.03    0.04   24.58 v _5933_/Y (sky130_fd_sc_hd__nor2_4)
                                         _1592_ (net)
                  0.03    0.00   24.58 v _5937_/A2 (sky130_fd_sc_hd__o32a_4)
     4    0.01    0.06    0.38   24.96 v _5937_/X (sky130_fd_sc_hd__o32a_4)
                                         _1596_ (net)
                  0.06    0.00   24.96 v _5943_/A1 (sky130_fd_sc_hd__a211o_4)
     3    0.02    0.07    0.37   25.33 v _5943_/X (sky130_fd_sc_hd__a211o_4)
                                         _1602_ (net)
                  0.07    0.00   25.33 v _5951_/A2 (sky130_fd_sc_hd__a21oi_4)
     4    0.02    0.16    0.21   25.54 ^ _5951_/Y (sky130_fd_sc_hd__a21oi_4)
                                         _1610_ (net)
                  0.16    0.00   25.54 ^ _6004_/A2 (sky130_fd_sc_hd__a21o_1)
     3    0.02    0.14    0.22   25.76 ^ _6004_/X (sky130_fd_sc_hd__a21o_1)
                                         _1663_ (net)
                  0.14    0.00   25.76 ^ _6023_/A2 (sky130_fd_sc_hd__a21oi_2)
     4    0.01    0.06    0.10   25.86 v _6023_/Y (sky130_fd_sc_hd__a21oi_2)
                                         _1682_ (net)
                  0.06    0.00   25.86 v _6033_/A2 (sky130_fd_sc_hd__a21o_2)
     5    0.02    0.08    0.28   26.14 v _6033_/X (sky130_fd_sc_hd__a21o_2)
                                         _1692_ (net)
                  0.08    0.00   26.14 v _6040_/A (sky130_fd_sc_hd__buf_6)
     5    0.03    0.04    0.16   26.30 v _6040_/X (sky130_fd_sc_hd__buf_6)
                                         _1699_ (net)
                  0.04    0.00   26.30 v _6104_/A2 (sky130_fd_sc_hd__a21oi_4)
     2    0.02    0.16    0.19   26.49 ^ _6104_/Y (sky130_fd_sc_hd__a21oi_4)
                                         _1763_ (net)
                  0.16    0.00   26.49 ^ _6105_/A (sky130_fd_sc_hd__xnor2_2)
     2    0.01    0.21    0.17   26.66 ^ _6105_/Y (sky130_fd_sc_hd__xnor2_2)
                                         _1764_ (net)
                  0.21    0.00   26.66 ^ _6106_/A (sky130_fd_sc_hd__xnor2_2)
     3    0.01    0.08    0.12   26.79 v _6106_/Y (sky130_fd_sc_hd__xnor2_2)
                                         _1765_ (net)
                  0.08    0.00   26.79 v _6122_/A (sky130_fd_sc_hd__or4b_4)
     2    0.01    0.09    0.58   27.36 v _6122_/X (sky130_fd_sc_hd__or4b_4)
                                         _1781_ (net)
                  0.09    0.00   27.36 v _6123_/C (sky130_fd_sc_hd__or4_4)
     3    0.01    0.09    0.53   27.90 v _6123_/X (sky130_fd_sc_hd__or4_4)
                                         _1782_ (net)
                  0.09    0.00   27.90 v _6146_/A2 (sky130_fd_sc_hd__a211o_4)
     4    0.02    0.07    0.40   28.30 v _6146_/X (sky130_fd_sc_hd__a211o_4)
                                         _1805_ (net)
                  0.07    0.00   28.30 v _6159_/A2 (sky130_fd_sc_hd__a21o_4)
     5    0.02    0.05    0.26   28.56 v _6159_/X (sky130_fd_sc_hd__a21o_4)
                                         _1818_ (net)
                  0.05    0.00   28.56 v _6207_/B2 (sky130_fd_sc_hd__a221o_1)
     1    0.01    0.08    0.37   28.94 v _6207_/X (sky130_fd_sc_hd__a221o_1)
                                         _1866_ (net)
                  0.08    0.00   28.94 v _6208_/B (sky130_fd_sc_hd__xnor2_2)
     4    0.02    0.33    0.32   29.25 ^ _6208_/Y (sky130_fd_sc_hd__xnor2_2)
                                         _1867_ (net)
                  0.33    0.00   29.25 ^ _6218_/A (sky130_fd_sc_hd__xnor2_2)
     2    0.01    0.08    0.14   29.39 v _6218_/Y (sky130_fd_sc_hd__xnor2_2)
                                         _1877_ (net)
                  0.08    0.00   29.39 v _6221_/A4 (sky130_fd_sc_hd__o41a_1)
     2    0.01    0.08    0.36   29.75 v _6221_/X (sky130_fd_sc_hd__o41a_1)
                                         _1880_ (net)
                  0.08    0.00   29.75 v _6272_/A2 (sky130_fd_sc_hd__a2111o_1)
     3    0.01    0.09    0.48   30.24 v _6272_/X (sky130_fd_sc_hd__a2111o_1)
                                         _1931_ (net)
                  0.09    0.00   30.24 v _6290_/A2 (sky130_fd_sc_hd__a211o_4)
     4    0.02    0.07    0.40   30.63 v _6290_/X (sky130_fd_sc_hd__a211o_4)
                                         _1949_ (net)
                  0.07    0.00   30.63 v _6300_/A1 (sky130_fd_sc_hd__a32o_2)
     3    0.01    0.06    0.29   30.92 v _6300_/X (sky130_fd_sc_hd__a32o_2)
                                         _1959_ (net)
                  0.06    0.00   30.92 v _6301_/A (sky130_fd_sc_hd__buf_6)
     6    0.04    0.05    0.16   31.08 v _6301_/X (sky130_fd_sc_hd__buf_6)
                                         _1960_ (net)
                  0.05    0.00   31.08 v _6302_/A (sky130_fd_sc_hd__nand2_8)
     5    0.03    0.10    0.08   31.16 ^ _6302_/Y (sky130_fd_sc_hd__nand2_8)
                                         _1961_ (net)
                  0.10    0.00   31.16 ^ _6365_/S (sky130_fd_sc_hd__mux2_4)
     3    0.02    0.07    0.36   31.52 v _6365_/X (sky130_fd_sc_hd__mux2_4)
                                         _2024_ (net)
                  0.07    0.00   31.52 v _6366_/C1 (sky130_fd_sc_hd__a2111o_1)
     1    0.00    0.06    0.37   31.88 v _6366_/X (sky130_fd_sc_hd__a2111o_1)
                                         _2025_ (net)
                  0.06    0.00   31.88 v _6367_/B (sky130_fd_sc_hd__or4_4)
     3    0.01    0.09    0.56   32.44 v _6367_/X (sky130_fd_sc_hd__or4_4)
                                         _2026_ (net)
                  0.09    0.00   32.44 v _6392_/A2 (sky130_fd_sc_hd__a211o_1)
     3    0.01    0.08    0.37   32.81 v _6392_/X (sky130_fd_sc_hd__a211o_1)
                                         _2051_ (net)
                  0.08    0.00   32.81 v _6407_/A2 (sky130_fd_sc_hd__a211o_1)
     3    0.01    0.08    0.36   33.17 v _6407_/X (sky130_fd_sc_hd__a211o_1)
                                         _2066_ (net)
                  0.08    0.00   33.17 v _6411_/A2 (sky130_fd_sc_hd__a21o_4)
     6    0.03    0.06    0.28   33.45 v _6411_/X (sky130_fd_sc_hd__a21o_4)
                                         _2070_ (net)
                  0.06    0.00   33.45 v _6441_/A1 (sky130_fd_sc_hd__a211o_4)
     5    0.01    0.07    0.37   33.82 v _6441_/X (sky130_fd_sc_hd__a211o_4)
                                         _2100_ (net)
                  0.07    0.00   33.82 v _6477_/A2 (sky130_fd_sc_hd__a22o_1)
     3    0.01    0.07    0.28   34.10 v _6477_/X (sky130_fd_sc_hd__a22o_1)
                                         _2136_ (net)
                  0.07    0.00   34.10 v _6478_/A1 (sky130_fd_sc_hd__a21o_1)
     3    0.01    0.05    0.19   34.28 v _6478_/X (sky130_fd_sc_hd__a21o_1)
                                         _2137_ (net)
                  0.05    0.00   34.28 v _6485_/D (sky130_fd_sc_hd__and4_1)
     3    0.01    0.06    0.23   34.52 v _6485_/X (sky130_fd_sc_hd__and4_1)
                                         _2144_ (net)
                  0.06    0.00   34.52 v _6570_/B2 (sky130_fd_sc_hd__a221o_1)
     2    0.01    0.07    0.36   34.88 v _6570_/X (sky130_fd_sc_hd__a221o_1)
                                         _2229_ (net)
                  0.07    0.00   34.88 v _6573_/B2 (sky130_fd_sc_hd__a221o_1)
     2    0.01    0.09    0.39   35.26 v _6573_/X (sky130_fd_sc_hd__a221o_1)
                                         _2232_ (net)
                  0.09    0.00   35.27 v _6574_/B1 (sky130_fd_sc_hd__a21o_4)
     7    0.03    0.06    0.24   35.51 v _6574_/X (sky130_fd_sc_hd__a21o_4)
                                         _2233_ (net)
                  0.06    0.00   35.51 v _6591_/A1 (sky130_fd_sc_hd__a21o_1)
     3    0.01    0.06    0.20   35.71 v _6591_/X (sky130_fd_sc_hd__a21o_1)
                                         _2250_ (net)
                  0.06    0.00   35.71 v _6614_/S (sky130_fd_sc_hd__mux2_4)
     4    0.01    0.06    0.34   36.05 v _6614_/X (sky130_fd_sc_hd__mux2_4)
                                         _2272_ (net)
                  0.06    0.00   36.05 v _6622_/C (sky130_fd_sc_hd__or4b_4)
     1    0.00    0.08    0.50   36.55 v _6622_/X (sky130_fd_sc_hd__or4b_4)
                                         _2280_ (net)
                  0.08    0.00   36.55 v _6623_/C (sky130_fd_sc_hd__or4_4)
     2    0.01    0.09    0.52   37.08 v _6623_/X (sky130_fd_sc_hd__or4_4)
                                         _2281_ (net)
                  0.09    0.00   37.08 v _6634_/A2 (sky130_fd_sc_hd__a21oi_2)
     2    0.01    0.12    0.18   37.26 ^ _6634_/Y (sky130_fd_sc_hd__a21oi_2)
                                         _2292_ (net)
                  0.12    0.00   37.26 ^ _6654_/A1 (sky130_fd_sc_hd__a21o_1)
     5    0.02    0.20    0.25   37.51 ^ _6654_/X (sky130_fd_sc_hd__a21o_1)
                                         _2312_ (net)
                  0.20    0.00   37.51 ^ _6715_/A2 (sky130_fd_sc_hd__a31o_4)
     6    0.03    0.11    0.25   37.76 ^ _6715_/X (sky130_fd_sc_hd__a31o_4)
                                         _2372_ (net)
                  0.11    0.00   37.76 ^ _6726_/A2 (sky130_fd_sc_hd__a21o_4)
     3    0.02    0.07    0.17   37.93 ^ _6726_/X (sky130_fd_sc_hd__a21o_4)
                                         _2383_ (net)
                  0.07    0.00   37.93 ^ rebuffer29/A (sky130_fd_sc_hd__buf_12)
     6    0.04    0.06    0.13   38.05 ^ rebuffer29/X (sky130_fd_sc_hd__buf_12)
                                         net96 (net)
                  0.06    0.00   38.06 ^ _8042_/S (sky130_fd_sc_hd__mux2_4)
     3    0.01    0.06    0.32   38.38 v _8042_/X (sky130_fd_sc_hd__mux2_4)
                                         _3695_ (net)
                  0.06    0.00   38.38 v _8043_/B (sky130_fd_sc_hd__or2_4)
     2    0.01    0.05    0.24   38.62 v _8043_/X (sky130_fd_sc_hd__or2_4)
                                         _3696_ (net)
                  0.05    0.00   38.62 v _8051_/A2 (sky130_fd_sc_hd__a21bo_1)
     4    0.01    0.08    0.25   38.87 v _8051_/X (sky130_fd_sc_hd__a21bo_1)
                                         _3704_ (net)
                  0.08    0.00   38.87 v _8055_/A4 (sky130_fd_sc_hd__o41a_1)
     2    0.01    0.10    0.39   39.26 v _8055_/X (sky130_fd_sc_hd__o41a_1)
                                         _3708_ (net)
                  0.10    0.00   39.26 v _8079_/A1 (sky130_fd_sc_hd__a31oi_4)
     3    0.02    0.19    0.21   39.47 ^ _8079_/Y (sky130_fd_sc_hd__a31oi_4)
                                         _3732_ (net)
                  0.19    0.00   39.47 ^ _8129_/A2 (sky130_fd_sc_hd__a211o_4)
     3    0.02    0.07    0.20   39.66 ^ _8129_/X (sky130_fd_sc_hd__a211o_4)
                                         _3782_ (net)
                  0.07    0.00   39.66 ^ _8133_/A1 (sky130_fd_sc_hd__a21o_1)
     3    0.01    0.09    0.16   39.82 ^ _8133_/X (sky130_fd_sc_hd__a21o_1)
                                         _3786_ (net)
                  0.09    0.00   39.82 ^ _8169_/A (sky130_fd_sc_hd__buf_6)
     5    0.04    0.08    0.15   39.97 ^ _8169_/X (sky130_fd_sc_hd__buf_6)
                                         _3822_ (net)
                  0.08    0.00   39.97 ^ _8253_/S (sky130_fd_sc_hd__mux2_4)
     2    0.01    0.06    0.33   40.30 v _8253_/X (sky130_fd_sc_hd__mux2_4)
                                         _3906_ (net)
                  0.06    0.00   40.30 v _8254_/B (sky130_fd_sc_hd__xnor2_1)
     2    0.01    0.07    0.15   40.45 v _8254_/Y (sky130_fd_sc_hd__xnor2_1)
                                         _3907_ (net)
                  0.07    0.00   40.45 v _8260_/B (sky130_fd_sc_hd__and4_1)
     1    0.00    0.04    0.19   40.64 v _8260_/X (sky130_fd_sc_hd__and4_1)
                                         _3913_ (net)
                  0.04    0.00   40.64 v _8266_/A (sky130_fd_sc_hd__or3_4)
     1    0.00    0.06    0.39   41.03 v _8266_/X (sky130_fd_sc_hd__or3_4)
                                         _3919_ (net)
                  0.06    0.00   41.03 v _8270_/A1 (sky130_fd_sc_hd__a211o_1)
     1    0.00    0.05    0.27   41.29 v _8270_/X (sky130_fd_sc_hd__a211o_1)
                                         _3923_ (net)
                  0.05    0.00   41.29 v _8274_/A1 (sky130_fd_sc_hd__a21o_1)
     1    0.01    0.05    0.17   41.47 v _8274_/X (sky130_fd_sc_hd__a21o_1)
                                         _3927_ (net)
                  0.05    0.00   41.47 v _8298_/A2 (sky130_fd_sc_hd__a22o_1)
     1    0.01    0.06    0.26   41.73 v _8298_/X (sky130_fd_sc_hd__a22o_1)
                                         _3951_ (net)
                  0.06    0.00   41.73 v _8302_/A1 (sky130_fd_sc_hd__a211oi_2)
     2    0.01    0.20    0.23   41.96 ^ _8302_/Y (sky130_fd_sc_hd__a211oi_2)
                                         _3955_ (net)
                  0.20    0.00   41.96 ^ _8304_/C (sky130_fd_sc_hd__or3_4)
     3    0.01    0.05    0.18   42.13 ^ _8304_/X (sky130_fd_sc_hd__or3_4)
                                         _3957_ (net)
                  0.05    0.00   42.13 ^ rebuffer17/A (sky130_fd_sc_hd__clkbuf_1)
     1    0.00    0.05    0.09   42.22 ^ rebuffer17/X (sky130_fd_sc_hd__clkbuf_1)
                                         net84 (net)
                  0.05    0.00   42.22 ^ rebuffer13/A (sky130_fd_sc_hd__clkbuf_1)
     1    0.00    0.05    0.09   42.32 ^ rebuffer13/X (sky130_fd_sc_hd__clkbuf_1)
                                         net80 (net)
                  0.05    0.00   42.32 ^ rebuffer12/A (sky130_fd_sc_hd__clkbuf_1)
     1    0.00    0.04    0.09   42.40 ^ rebuffer12/X (sky130_fd_sc_hd__clkbuf_1)
                                         net79 (net)
                  0.04    0.00   42.40 ^ _8311_/A (sky130_fd_sc_hd__and3_1)
     1    0.00    0.05    0.13   42.54 ^ _8311_/X (sky130_fd_sc_hd__and3_1)
                                         _3963_ (net)
                  0.05    0.00   42.54 ^ _8312_/A (sky130_fd_sc_hd__clkbuf_1)
     1    0.01    0.08    0.11   42.65 ^ _8312_/X (sky130_fd_sc_hd__clkbuf_1)
                                         net43 (net)
                  0.08    0.00   42.65 ^ output43/A (sky130_fd_sc_hd__buf_6)
     1    0.03    0.08    0.14   42.80 ^ output43/X (sky130_fd_sc_hd__buf_6)
                                         seg[1] (net)
                  0.08    0.00   42.80 ^ seg[1] (out)
                                 42.80   data arrival time

                         10.00   10.00   clock clk (rise edge)
                          0.00   10.00   clock network delay (propagated)
                         -0.25    9.75   clock uncertainty
                          0.00    9.75   clock reconvergence pessimism
                         -2.00    7.75   output external delay
                                  7.75   data required time
-----------------------------------------------------------------------------
                                  7.75   data required time
                                -42.80   data arrival time
-----------------------------------------------------------------------------
                                -35.05   slack (VIOLATED)




===========================================================================
report_checks --slack_max -0.01
============================================================================
======================= Typical Corner ===================================

Startpoint: _8865_ (rising edge-triggered flip-flop clocked by clk)
Endpoint: seg[1] (output port clocked by clk)
Path Group: clk
Path Type: max

Fanout     Cap    Slew   Delay    Time   Description
-----------------------------------------------------------------------------
                          0.00    0.00   clock clk (rise edge)
                          0.00    0.00   clock source latency
     1    0.01    0.04    0.03    0.03 ^ clk (in)
                                         clk (net)
                  0.04    0.00    0.03 ^ clkbuf_0_clk/A (sky130_fd_sc_hd__clkbuf_16)
    16    0.07    0.09    0.17    0.20 ^ clkbuf_0_clk/X (sky130_fd_sc_hd__clkbuf_16)
                                         clknet_0_clk (net)
                  0.09    0.00    0.20 ^ clkbuf_4_5_0_clk/A (sky130_fd_sc_hd__clkbuf_8)
    11    0.03    0.07    0.17    0.37 ^ clkbuf_4_5_0_clk/X (sky130_fd_sc_hd__clkbuf_8)
                                         clknet_4_5_0_clk (net)
                  0.07    0.00    0.37 ^ _8865_/CLK (sky130_fd_sc_hd__dfxtp_4)
     6    0.02    0.05    0.39    0.76 v _8865_/Q (sky130_fd_sc_hd__dfxtp_4)
                                         display.refresh_counter[17] (net)
                  0.05    0.00    0.76 v _4993_/B (sky130_fd_sc_hd__and2_4)
     1    0.00    0.03    0.16    0.92 v _4993_/X (sky130_fd_sc_hd__and2_4)
                                         _0652_ (net)
                  0.03    0.00    0.92 v _4994_/A (sky130_fd_sc_hd__buf_6)
     6    0.02    0.03    0.13    1.05 v _4994_/X (sky130_fd_sc_hd__buf_6)
                                         _0653_ (net)
                  0.03    0.00    1.05 v _5006_/B (sky130_fd_sc_hd__or3_4)
     2    0.01    0.07    0.38    1.43 v _5006_/X (sky130_fd_sc_hd__or3_4)
                                         _0665_ (net)
                  0.07    0.00    1.43 v _5010_/A2 (sky130_fd_sc_hd__a21o_1)
     3    0.01    0.06    0.23    1.65 v _5010_/X (sky130_fd_sc_hd__a21o_1)
                                         _0669_ (net)
                  0.06    0.00    1.65 v _5012_/B1 (sky130_fd_sc_hd__a221o_1)
     2    0.01    0.06    0.33    1.98 v _5012_/X (sky130_fd_sc_hd__a221o_1)
                                         _0671_ (net)
                  0.06    0.00    1.98 v _5017_/A1 (sky130_fd_sc_hd__a31o_1)
     4    0.01    0.08    0.24    2.21 v _5017_/X (sky130_fd_sc_hd__a31o_1)
                                         _0676_ (net)
                  0.08    0.00    2.21 v _5020_/A2 (sky130_fd_sc_hd__o211a_4)
     5    0.02    0.06    0.28    2.49 v _5020_/X (sky130_fd_sc_hd__o211a_4)
                                         _0679_ (net)
                  0.06    0.00    2.49 v _5046_/S (sky130_fd_sc_hd__mux2_4)
     3    0.01    0.07    0.34    2.83 v _5046_/X (sky130_fd_sc_hd__mux2_4)
                                         _0705_ (net)
                  0.07    0.00    2.83 v _5047_/A (sky130_fd_sc_hd__xnor2_2)
     2    0.01    0.06    0.16    2.99 v _5047_/Y (sky130_fd_sc_hd__xnor2_2)
                                         _0706_ (net)
                  0.06    0.00    2.99 v _5054_/A2 (sky130_fd_sc_hd__a21o_1)
     3    0.01    0.07    0.23    3.22 v _5054_/X (sky130_fd_sc_hd__a21o_1)
                                         _0713_ (net)
                  0.07    0.00    3.22 v _5057_/A1 (sky130_fd_sc_hd__a221o_1)
     2    0.01    0.07    0.35    3.58 v _5057_/X (sky130_fd_sc_hd__a221o_1)
                                         _0716_ (net)
                  0.07    0.00    3.58 v _5061_/A (sky130_fd_sc_hd__and3_1)
     4    0.01    0.06    0.18    3.76 v _5061_/X (sky130_fd_sc_hd__and3_1)
                                         _0720_ (net)
                  0.06    0.00    3.76 v _5071_/A3 (sky130_fd_sc_hd__o31a_1)
     3    0.01    0.08    0.29    4.04 v _5071_/X (sky130_fd_sc_hd__o31a_1)
                                         _0730_ (net)
                  0.08    0.00    4.04 v _5073_/A2 (sky130_fd_sc_hd__o32a_4)
     1    0.01    0.06    0.39    4.44 v _5073_/X (sky130_fd_sc_hd__o32a_4)
                                         _0732_ (net)
                  0.06    0.00    4.44 v _5075_/A1 (sky130_fd_sc_hd__a21oi_4)
     6    0.02    0.21    0.22    4.66 ^ _5075_/Y (sky130_fd_sc_hd__a21oi_4)
                                         _0734_ (net)
                  0.21    0.00    4.66 ^ _5076_/A (sky130_fd_sc_hd__nor2_4)
     3    0.01    0.06    0.08    4.74 v _5076_/Y (sky130_fd_sc_hd__nor2_4)
                                         _0735_ (net)
                  0.06    0.00    4.74 v _5077_/A (sky130_fd_sc_hd__buf_6)
     5    0.02    0.03    0.14    4.88 v _5077_/X (sky130_fd_sc_hd__buf_6)
                                         _0736_ (net)
                  0.03    0.00    4.88 v _5082_/A (sky130_fd_sc_hd__and3_1)
     2    0.01    0.07    0.18    5.06 v _5082_/X (sky130_fd_sc_hd__and3_1)
                                         _0741_ (net)
                  0.07    0.00    5.06 v _5083_/A (sky130_fd_sc_hd__xor2_2)
     3    0.02    0.10    0.22    5.28 v _5083_/X (sky130_fd_sc_hd__xor2_2)
                                         _0742_ (net)
                  0.10    0.00    5.28 v _5084_/A (sky130_fd_sc_hd__xnor2_2)
     2    0.01    0.07    0.17    5.45 v _5084_/Y (sky130_fd_sc_hd__xnor2_2)
                                         _0743_ (net)
                  0.07    0.00    5.45 v _5110_/A1 (sky130_fd_sc_hd__o41a_1)
     3    0.01    0.10    0.50    5.95 v _5110_/X (sky130_fd_sc_hd__o41a_1)
                                         _0769_ (net)
                  0.10    0.00    5.95 v _5120_/A2 (sky130_fd_sc_hd__a21o_1)
     3    0.01    0.06    0.24    6.19 v _5120_/X (sky130_fd_sc_hd__a21o_1)
                                         _0779_ (net)
                  0.06    0.00    6.19 v _5128_/A1 (sky130_fd_sc_hd__a311o_1)
     1    0.01    0.08    0.32    6.50 v _5128_/X (sky130_fd_sc_hd__a311o_1)
                                         _0787_ (net)
                  0.08    0.00    6.50 v _5129_/A1 (sky130_fd_sc_hd__a21oi_4)
     4    0.02    0.19    0.22    6.72 ^ _5129_/Y (sky130_fd_sc_hd__a21oi_4)
                                         _0788_ (net)
                  0.19    0.00    6.72 ^ _5157_/S (sky130_fd_sc_hd__mux2_4)
     3    0.03    0.09    0.39    7.12 v _5157_/X (sky130_fd_sc_hd__mux2_4)
                                         _0816_ (net)
                  0.09    0.00    7.12 v _5158_/A (sky130_fd_sc_hd__xnor2_4)
     3    0.01    0.06    0.17    7.29 v _5158_/Y (sky130_fd_sc_hd__xnor2_4)
                                         _0817_ (net)
                  0.06    0.00    7.29 v _5161_/A1 (sky130_fd_sc_hd__a211o_1)
     2    0.01    0.07    0.29    7.58 v _5161_/X (sky130_fd_sc_hd__a211o_1)
                                         _0820_ (net)
                  0.07    0.00    7.58 v _5166_/A1 (sky130_fd_sc_hd__a21o_1)
     3    0.01    0.06    0.20    7.78 v _5166_/X (sky130_fd_sc_hd__a21o_1)
                                         _0825_ (net)
                  0.06    0.00    7.78 v _5171_/A1 (sky130_fd_sc_hd__a211o_1)
     3    0.01    0.08    0.31    8.09 v _5171_/X (sky130_fd_sc_hd__a211o_1)
                                         _0830_ (net)
                  0.08    0.00    8.09 v _5185_/A1 (sky130_fd_sc_hd__a31o_1)
     2    0.01    0.07    0.23    8.32 v _5185_/X (sky130_fd_sc_hd__a31o_1)
                                         _0844_ (net)
                  0.07    0.00    8.32 v _5190_/A1 (sky130_fd_sc_hd__a21boi_2)
     3    0.01    0.15    0.19    8.51 ^ _5190_/Y (sky130_fd_sc_hd__a21boi_2)
                                         _0849_ (net)
                  0.15    0.00    8.51 ^ _5192_/A3 (sky130_fd_sc_hd__o31a_1)
     2    0.02    0.18    0.24    8.76 ^ _5192_/X (sky130_fd_sc_hd__o31a_1)
                                         _0851_ (net)
                  0.18    0.00    8.76 ^ _5194_/A1 (sky130_fd_sc_hd__a21oi_4)
     5    0.02    0.07    0.10    8.86 v _5194_/Y (sky130_fd_sc_hd__a21oi_4)
                                         _0853_ (net)
                  0.07    0.00    8.86 v _5196_/B (sky130_fd_sc_hd__nor2_4)
     3    0.01    0.11    0.13    8.98 ^ _5196_/Y (sky130_fd_sc_hd__nor2_4)
                                         _0855_ (net)
                  0.11    0.00    8.98 ^ _5211_/S (sky130_fd_sc_hd__mux2_4)
     4    0.01    0.07    0.35    9.34 v _5211_/X (sky130_fd_sc_hd__mux2_4)
                                         _0870_ (net)
                  0.07    0.00    9.34 v _5212_/B (sky130_fd_sc_hd__xnor2_1)
     3    0.01    0.09    0.17    9.51 v _5212_/Y (sky130_fd_sc_hd__xnor2_1)
                                         _0871_ (net)
                  0.09    0.00    9.51 v _5220_/B (sky130_fd_sc_hd__or3_4)
     3    0.02    0.08    0.43    9.93 v _5220_/X (sky130_fd_sc_hd__or3_4)
                                         _0879_ (net)
                  0.08    0.00    9.93 v _5234_/A2 (sky130_fd_sc_hd__a21oi_4)
     4    0.02    0.16    0.21   10.15 ^ _5234_/Y (sky130_fd_sc_hd__a21oi_4)
                                         _0893_ (net)
                  0.16    0.00   10.15 ^ _5256_/A2 (sky130_fd_sc_hd__a31o_4)
     4    0.02    0.08    0.22   10.36 ^ _5256_/X (sky130_fd_sc_hd__a31o_4)
                                         _0915_ (net)
                  0.08    0.00   10.37 ^ _5280_/A1 (sky130_fd_sc_hd__a41oi_4)
     3    0.02    0.14    0.13   10.50 v _5280_/Y (sky130_fd_sc_hd__a41oi_4)
                                         _0939_ (net)
                  0.14    0.00   10.50 v _5281_/A2 (sky130_fd_sc_hd__a21oi_4)
     6    0.02    0.22    0.28   10.78 ^ _5281_/Y (sky130_fd_sc_hd__a21oi_4)
                                         _0940_ (net)
                  0.22    0.00   10.78 ^ _5292_/S (sky130_fd_sc_hd__mux2_4)
     3    0.01    0.06    0.36   11.13 v _5292_/X (sky130_fd_sc_hd__mux2_4)
                                         _0951_ (net)
                  0.06    0.00   11.13 v _5297_/A1 (sky130_fd_sc_hd__a22o_1)
     3    0.01    0.08    0.27   11.40 v _5297_/X (sky130_fd_sc_hd__a22o_1)
                                         _0956_ (net)
                  0.08    0.00   11.40 v _5317_/A2 (sky130_fd_sc_hd__o2111a_1)
     2    0.00    0.05    0.26   11.66 v _5317_/X (sky130_fd_sc_hd__o2111a_1)
                                         _0976_ (net)
                  0.05    0.00   11.66 v _5333_/A3 (sky130_fd_sc_hd__a31o_1)
     4    0.01    0.07    0.26   11.92 v _5333_/X (sky130_fd_sc_hd__a31o_1)
                                         _0992_ (net)
                  0.07    0.00   11.92 v _5352_/A2 (sky130_fd_sc_hd__o31a_4)
     4    0.02    0.07    0.39   12.31 v _5352_/X (sky130_fd_sc_hd__o31a_4)
                                         _1011_ (net)
                  0.07    0.00   12.31 v _5394_/A2 (sky130_fd_sc_hd__a21o_1)
     5    0.01    0.08    0.24   12.55 v _5394_/X (sky130_fd_sc_hd__a21o_1)
                                         _1053_ (net)
                  0.08    0.00   12.55 v _5419_/A2 (sky130_fd_sc_hd__a21oi_2)
     4    0.01    0.18    0.23   12.77 ^ _5419_/Y (sky130_fd_sc_hd__a21oi_2)
                                         _1078_ (net)
                  0.18    0.00   12.78 ^ _5422_/B (sky130_fd_sc_hd__nor3_1)
     3    0.01    0.07    0.11   12.89 v _5422_/Y (sky130_fd_sc_hd__nor3_1)
                                         _1081_ (net)
                  0.07    0.00   12.89 v _5424_/C (sky130_fd_sc_hd__or4_4)
     1    0.00    0.08    0.50   13.39 v _5424_/X (sky130_fd_sc_hd__or4_4)
                                         _1083_ (net)
                  0.08    0.00   13.39 v _5432_/A2 (sky130_fd_sc_hd__o31a_1)
     2    0.01    0.07    0.32   13.71 v _5432_/X (sky130_fd_sc_hd__o31a_1)
                                         _1091_ (net)
                  0.07    0.00   13.71 v _5435_/A1 (sky130_fd_sc_hd__o211a_1)
     3    0.01    0.07    0.28   13.99 v _5435_/X (sky130_fd_sc_hd__o211a_1)
                                         _1094_ (net)
                  0.07    0.00   13.99 v _5451_/A2 (sky130_fd_sc_hd__o311a_1)
     2    0.01    0.07    0.37   14.36 v _5451_/X (sky130_fd_sc_hd__o311a_1)
                                         _1110_ (net)
                  0.07    0.00   14.36 v _5454_/D (sky130_fd_sc_hd__or4_4)
     1    0.01    0.09    0.44   14.80 v _5454_/X (sky130_fd_sc_hd__or4_4)
                                         _1113_ (net)
                  0.09    0.00   14.80 v _5455_/A1 (sky130_fd_sc_hd__a31o_4)
     3    0.02    0.06    0.28   15.08 v _5455_/X (sky130_fd_sc_hd__a31o_4)
                                         _1114_ (net)
                  0.06    0.00   15.08 v _5457_/A1 (sky130_fd_sc_hd__a21oi_4)
     5    0.02    0.21    0.22   15.30 ^ _5457_/Y (sky130_fd_sc_hd__a21oi_4)
                                         _1116_ (net)
                  0.21    0.00   15.30 ^ _5504_/S (sky130_fd_sc_hd__mux2_4)
     3    0.01    0.06    0.36   15.66 v _5504_/X (sky130_fd_sc_hd__mux2_4)
                                         _1163_ (net)
                  0.06    0.00   15.66 v _5505_/A (sky130_fd_sc_hd__or2_4)
     3    0.01    0.05    0.27   15.93 v _5505_/X (sky130_fd_sc_hd__or2_4)
                                         _1164_ (net)
                  0.05    0.00   15.93 v _5515_/A2 (sky130_fd_sc_hd__a2111o_1)
     3    0.01    0.09    0.47   16.40 v _5515_/X (sky130_fd_sc_hd__a2111o_1)
                                         _1174_ (net)
                  0.09    0.00   16.40 v _5522_/A1 (sky130_fd_sc_hd__a21o_1)
     2    0.01    0.08    0.23   16.62 v _5522_/X (sky130_fd_sc_hd__a21o_1)
                                         _1181_ (net)
                  0.08    0.00   16.62 v _5536_/A (sky130_fd_sc_hd__nand2_4)
     3    0.02    0.07    0.09   16.72 ^ _5536_/Y (sky130_fd_sc_hd__nand2_4)
                                         _1195_ (net)
                  0.07    0.00   16.72 ^ _5555_/A (sky130_fd_sc_hd__nand4_4)
     4    0.03    0.15    0.13   16.85 v _5555_/Y (sky130_fd_sc_hd__nand4_4)
                                         _1214_ (net)
                  0.15    0.00   16.85 v _5562_/A1 (sky130_fd_sc_hd__a21oi_4)
     5    0.02    0.21    0.24   17.09 ^ _5562_/Y (sky130_fd_sc_hd__a21oi_4)
                                         _1221_ (net)
                  0.21    0.00   17.09 ^ _5593_/S (sky130_fd_sc_hd__mux2_4)
     6    0.02    0.07    0.38   17.47 v _5593_/X (sky130_fd_sc_hd__mux2_4)
                                         _1252_ (net)
                  0.07    0.00   17.47 v _5594_/B (sky130_fd_sc_hd__and2_4)
     4    0.01    0.04    0.19   17.66 v _5594_/X (sky130_fd_sc_hd__and2_4)
                                         _1253_ (net)
                  0.04    0.00   17.66 v _5606_/B (sky130_fd_sc_hd__or3b_4)
     4    0.01    0.08    0.40   18.06 v _5606_/X (sky130_fd_sc_hd__or3b_4)
                                         _1265_ (net)
                  0.08    0.00   18.06 v _5627_/A2 (sky130_fd_sc_hd__a2111o_1)
     4    0.01    0.11    0.51   18.57 v _5627_/X (sky130_fd_sc_hd__a2111o_1)
                                         _1286_ (net)
                  0.11    0.00   18.57 v _5666_/A2 (sky130_fd_sc_hd__a21o_4)
     5    0.03    0.06    0.29   18.85 v _5666_/X (sky130_fd_sc_hd__a21o_4)
                                         _1325_ (net)
                  0.06    0.00   18.86 v _5733_/A2 (sky130_fd_sc_hd__a211o_1)
     2    0.01    0.06    0.33   19.18 v _5733_/X (sky130_fd_sc_hd__a211o_1)
                                         _1392_ (net)
                  0.06    0.00   19.18 v _5734_/C1 (sky130_fd_sc_hd__o211a_1)
     3    0.01    0.07    0.15   19.33 v _5734_/X (sky130_fd_sc_hd__o211a_1)
                                         _1393_ (net)
                  0.07    0.00   19.33 v _5760_/A (sky130_fd_sc_hd__or2b_4)
     3    0.01    0.05    0.28   19.60 v _5760_/X (sky130_fd_sc_hd__or2b_4)
                                         _1419_ (net)
                  0.05    0.00   19.60 v _5761_/A (sky130_fd_sc_hd__or4_4)
     2    0.01    0.09    0.56   20.17 v _5761_/X (sky130_fd_sc_hd__or4_4)
                                         _1420_ (net)
                  0.09    0.00   20.17 v _5762_/A (sky130_fd_sc_hd__or4_4)
     2    0.01    0.09    0.57   20.74 v _5762_/X (sky130_fd_sc_hd__or4_4)
                                         _1421_ (net)
                  0.09    0.00   20.74 v _5779_/A1 (sky130_fd_sc_hd__a31o_1)
     1    0.00    0.04    0.20   20.94 v _5779_/X (sky130_fd_sc_hd__a31o_1)
                                         _1438_ (net)
                  0.04    0.00   20.94 v _5786_/A (sky130_fd_sc_hd__and3_1)
     2    0.01    0.06    0.17   21.11 v _5786_/X (sky130_fd_sc_hd__and3_1)
                                         _1445_ (net)
                  0.06    0.00   21.11 v _5791_/A1 (sky130_fd_sc_hd__a21oi_2)
     2    0.01    0.14    0.17   21.29 ^ _5791_/Y (sky130_fd_sc_hd__a21oi_2)
                                         _1450_ (net)
                  0.14    0.00   21.29 ^ _5796_/A2 (sky130_fd_sc_hd__o21a_4)
     5    0.03    0.11    0.21   21.49 ^ _5796_/X (sky130_fd_sc_hd__o21a_4)
                                         _1455_ (net)
                  0.11    0.00   21.49 ^ _5856_/S (sky130_fd_sc_hd__mux2_4)
     4    0.01    0.06    0.35   21.84 v _5856_/X (sky130_fd_sc_hd__mux2_4)
                                         _1515_ (net)
                  0.06    0.00   21.84 v _5858_/B (sky130_fd_sc_hd__and2_4)
     1    0.00    0.03    0.16   22.01 v _5858_/X (sky130_fd_sc_hd__and2_4)
                                         _1517_ (net)
                  0.03    0.00   22.01 v _5859_/A (sky130_fd_sc_hd__or2_4)
     3    0.01    0.06    0.27   22.27 v _5859_/X (sky130_fd_sc_hd__or2_4)
                                         _1518_ (net)
                  0.06    0.00   22.27 v _5867_/C (sky130_fd_sc_hd__or4b_4)
     1    0.00    0.08    0.50   22.77 v _5867_/X (sky130_fd_sc_hd__or4b_4)
                                         _1526_ (net)
                  0.08    0.00   22.77 v _5868_/B1_N (sky130_fd_sc_hd__o21bai_4)
     3    0.01    0.06    0.20   22.97 v _5868_/Y (sky130_fd_sc_hd__o21bai_4)
                                         _1527_ (net)
                  0.06    0.00   22.97 v _5887_/A2 (sky130_fd_sc_hd__a211o_1)
     2    0.01    0.06    0.33   23.30 v _5887_/X (sky130_fd_sc_hd__a211o_1)
                                         _1546_ (net)
                  0.06    0.00   23.30 v _5893_/A2 (sky130_fd_sc_hd__a21o_1)
     4    0.01    0.07    0.23   23.52 v _5893_/X (sky130_fd_sc_hd__a21o_1)
                                         _1552_ (net)
                  0.07    0.00   23.52 v _5906_/A1 (sky130_fd_sc_hd__a2111o_1)
     3    0.02    0.14    0.48   24.00 v _5906_/X (sky130_fd_sc_hd__a2111o_1)
                                         _1565_ (net)
                  0.14    0.00   24.00 v _5909_/A1 (sky130_fd_sc_hd__a21oi_4)
     6    0.04    0.31    0.33   24.34 ^ _5909_/Y (sky130_fd_sc_hd__a21oi_4)
                                         _1568_ (net)
                  0.31    0.00   24.34 ^ _5910_/A (sky130_fd_sc_hd__buf_6)
     5    0.03    0.08    0.19   24.53 ^ _5910_/X (sky130_fd_sc_hd__buf_6)
                                         _1569_ (net)
                  0.08    0.00   24.53 ^ _5933_/B (sky130_fd_sc_hd__nor2_4)
     2    0.01    0.03    0.04   24.58 v _5933_/Y (sky130_fd_sc_hd__nor2_4)
                                         _1592_ (net)
                  0.03    0.00   24.58 v _5937_/A2 (sky130_fd_sc_hd__o32a_4)
     4    0.01    0.06    0.38   24.96 v _5937_/X (sky130_fd_sc_hd__o32a_4)
                                         _1596_ (net)
                  0.06    0.00   24.96 v _5943_/A1 (sky130_fd_sc_hd__a211o_4)
     3    0.02    0.07    0.37   25.33 v _5943_/X (sky130_fd_sc_hd__a211o_4)
                                         _1602_ (net)
                  0.07    0.00   25.33 v _5951_/A2 (sky130_fd_sc_hd__a21oi_4)
     4    0.02    0.16    0.21   25.54 ^ _5951_/Y (sky130_fd_sc_hd__a21oi_4)
                                         _1610_ (net)
                  0.16    0.00   25.54 ^ _6004_/A2 (sky130_fd_sc_hd__a21o_1)
     3    0.02    0.14    0.22   25.76 ^ _6004_/X (sky130_fd_sc_hd__a21o_1)
                                         _1663_ (net)
                  0.14    0.00   25.76 ^ _6023_/A2 (sky130_fd_sc_hd__a21oi_2)
     4    0.01    0.06    0.10   25.86 v _6023_/Y (sky130_fd_sc_hd__a21oi_2)
                                         _1682_ (net)
                  0.06    0.00   25.86 v _6033_/A2 (sky130_fd_sc_hd__a21o_2)
     5    0.02    0.08    0.28   26.14 v _6033_/X (sky130_fd_sc_hd__a21o_2)
                                         _1692_ (net)
                  0.08    0.00   26.14 v _6040_/A (sky130_fd_sc_hd__buf_6)
     5    0.03    0.04    0.16   26.30 v _6040_/X (sky130_fd_sc_hd__buf_6)
                                         _1699_ (net)
                  0.04    0.00   26.30 v _6104_/A2 (sky130_fd_sc_hd__a21oi_4)
     2    0.02    0.16    0.19   26.49 ^ _6104_/Y (sky130_fd_sc_hd__a21oi_4)
                                         _1763_ (net)
                  0.16    0.00   26.49 ^ _6105_/A (sky130_fd_sc_hd__xnor2_2)
     2    0.01    0.21    0.17   26.66 ^ _6105_/Y (sky130_fd_sc_hd__xnor2_2)
                                         _1764_ (net)
                  0.21    0.00   26.66 ^ _6106_/A (sky130_fd_sc_hd__xnor2_2)
     3    0.01    0.08    0.12   26.79 v _6106_/Y (sky130_fd_sc_hd__xnor2_2)
                                         _1765_ (net)
                  0.08    0.00   26.79 v _6122_/A (sky130_fd_sc_hd__or4b_4)
     2    0.01    0.09    0.58   27.36 v _6122_/X (sky130_fd_sc_hd__or4b_4)
                                         _1781_ (net)
                  0.09    0.00   27.36 v _6123_/C (sky130_fd_sc_hd__or4_4)
     3    0.01    0.09    0.53   27.90 v _6123_/X (sky130_fd_sc_hd__or4_4)
                                         _1782_ (net)
                  0.09    0.00   27.90 v _6146_/A2 (sky130_fd_sc_hd__a211o_4)
     4    0.02    0.07    0.40   28.30 v _6146_/X (sky130_fd_sc_hd__a211o_4)
                                         _1805_ (net)
                  0.07    0.00   28.30 v _6159_/A2 (sky130_fd_sc_hd__a21o_4)
     5    0.02    0.05    0.26   28.56 v _6159_/X (sky130_fd_sc_hd__a21o_4)
                                         _1818_ (net)
                  0.05    0.00   28.56 v _6207_/B2 (sky130_fd_sc_hd__a221o_1)
     1    0.01    0.08    0.37   28.94 v _6207_/X (sky130_fd_sc_hd__a221o_1)
                                         _1866_ (net)
                  0.08    0.00   28.94 v _6208_/B (sky130_fd_sc_hd__xnor2_2)
     4    0.02    0.33    0.32   29.25 ^ _6208_/Y (sky130_fd_sc_hd__xnor2_2)
                                         _1867_ (net)
                  0.33    0.00   29.25 ^ _6218_/A (sky130_fd_sc_hd__xnor2_2)
     2    0.01    0.08    0.14   29.39 v _6218_/Y (sky130_fd_sc_hd__xnor2_2)
                                         _1877_ (net)
                  0.08    0.00   29.39 v _6221_/A4 (sky130_fd_sc_hd__o41a_1)
     2    0.01    0.08    0.36   29.75 v _6221_/X (sky130_fd_sc_hd__o41a_1)
                                         _1880_ (net)
                  0.08    0.00   29.75 v _6272_/A2 (sky130_fd_sc_hd__a2111o_1)
     3    0.01    0.09    0.48   30.24 v _6272_/X (sky130_fd_sc_hd__a2111o_1)
                                         _1931_ (net)
                  0.09    0.00   30.24 v _6290_/A2 (sky130_fd_sc_hd__a211o_4)
     4    0.02    0.07    0.40   30.63 v _6290_/X (sky130_fd_sc_hd__a211o_4)
                                         _1949_ (net)
                  0.07    0.00   30.63 v _6300_/A1 (sky130_fd_sc_hd__a32o_2)
     3    0.01    0.06    0.29   30.92 v _6300_/X (sky130_fd_sc_hd__a32o_2)
                                         _1959_ (net)
                  0.06    0.00   30.92 v _6301_/A (sky130_fd_sc_hd__buf_6)
     6    0.04    0.05    0.16   31.08 v _6301_/X (sky130_fd_sc_hd__buf_6)
                                         _1960_ (net)
                  0.05    0.00   31.08 v _6302_/A (sky130_fd_sc_hd__nand2_8)
     5    0.03    0.10    0.08   31.16 ^ _6302_/Y (sky130_fd_sc_hd__nand2_8)
                                         _1961_ (net)
                  0.10    0.00   31.16 ^ _6365_/S (sky130_fd_sc_hd__mux2_4)
     3    0.02    0.07    0.36   31.52 v _6365_/X (sky130_fd_sc_hd__mux2_4)
                                         _2024_ (net)
                  0.07    0.00   31.52 v _6366_/C1 (sky130_fd_sc_hd__a2111o_1)
     1    0.00    0.06    0.37   31.88 v _6366_/X (sky130_fd_sc_hd__a2111o_1)
                                         _2025_ (net)
                  0.06    0.00   31.88 v _6367_/B (sky130_fd_sc_hd__or4_4)
     3    0.01    0.09    0.56   32.44 v _6367_/X (sky130_fd_sc_hd__or4_4)
                                         _2026_ (net)
                  0.09    0.00   32.44 v _6392_/A2 (sky130_fd_sc_hd__a211o_1)
     3    0.01    0.08    0.37   32.81 v _6392_/X (sky130_fd_sc_hd__a211o_1)
                                         _2051_ (net)
                  0.08    0.00   32.81 v _6407_/A2 (sky130_fd_sc_hd__a211o_1)
     3    0.01    0.08    0.36   33.17 v _6407_/X (sky130_fd_sc_hd__a211o_1)
                                         _2066_ (net)
                  0.08    0.00   33.17 v _6411_/A2 (sky130_fd_sc_hd__a21o_4)
     6    0.03    0.06    0.28   33.45 v _6411_/X (sky130_fd_sc_hd__a21o_4)
                                         _2070_ (net)
                  0.06    0.00   33.45 v _6441_/A1 (sky130_fd_sc_hd__a211o_4)
     5    0.01    0.07    0.37   33.82 v _6441_/X (sky130_fd_sc_hd__a211o_4)
                                         _2100_ (net)
                  0.07    0.00   33.82 v _6477_/A2 (sky130_fd_sc_hd__a22o_1)
     3    0.01    0.07    0.28   34.10 v _6477_/X (sky130_fd_sc_hd__a22o_1)
                                         _2136_ (net)
                  0.07    0.00   34.10 v _6478_/A1 (sky130_fd_sc_hd__a21o_1)
     3    0.01    0.05    0.19   34.28 v _6478_/X (sky130_fd_sc_hd__a21o_1)
                                         _2137_ (net)
                  0.05    0.00   34.28 v _6485_/D (sky130_fd_sc_hd__and4_1)
     3    0.01    0.06    0.23   34.52 v _6485_/X (sky130_fd_sc_hd__and4_1)
                                         _2144_ (net)
                  0.06    0.00   34.52 v _6570_/B2 (sky130_fd_sc_hd__a221o_1)
     2    0.01    0.07    0.36   34.88 v _6570_/X (sky130_fd_sc_hd__a221o_1)
                                         _2229_ (net)
                  0.07    0.00   34.88 v _6573_/B2 (sky130_fd_sc_hd__a221o_1)
     2    0.01    0.09    0.39   35.26 v _6573_/X (sky130_fd_sc_hd__a221o_1)
                                         _2232_ (net)
                  0.09    0.00   35.27 v _6574_/B1 (sky130_fd_sc_hd__a21o_4)
     7    0.03    0.06    0.24   35.51 v _6574_/X (sky130_fd_sc_hd__a21o_4)
                                         _2233_ (net)
                  0.06    0.00   35.51 v _6591_/A1 (sky130_fd_sc_hd__a21o_1)
     3    0.01    0.06    0.20   35.71 v _6591_/X (sky130_fd_sc_hd__a21o_1)
                                         _2250_ (net)
                  0.06    0.00   35.71 v _6614_/S (sky130_fd_sc_hd__mux2_4)
     4    0.01    0.06    0.34   36.05 v _6614_/X (sky130_fd_sc_hd__mux2_4)
                                         _2272_ (net)
                  0.06    0.00   36.05 v _6622_/C (sky130_fd_sc_hd__or4b_4)
     1    0.00    0.08    0.50   36.55 v _6622_/X (sky130_fd_sc_hd__or4b_4)
                                         _2280_ (net)
                  0.08    0.00   36.55 v _6623_/C (sky130_fd_sc_hd__or4_4)
     2    0.01    0.09    0.52   37.08 v _6623_/X (sky130_fd_sc_hd__or4_4)
                                         _2281_ (net)
                  0.09    0.00   37.08 v _6634_/A2 (sky130_fd_sc_hd__a21oi_2)
     2    0.01    0.12    0.18   37.26 ^ _6634_/Y (sky130_fd_sc_hd__a21oi_2)
                                         _2292_ (net)
                  0.12    0.00   37.26 ^ _6654_/A1 (sky130_fd_sc_hd__a21o_1)
     5    0.02    0.20    0.25   37.51 ^ _6654_/X (sky130_fd_sc_hd__a21o_1)
                                         _2312_ (net)
                  0.20    0.00   37.51 ^ _6715_/A2 (sky130_fd_sc_hd__a31o_4)
     6    0.03    0.11    0.25   37.76 ^ _6715_/X (sky130_fd_sc_hd__a31o_4)
                                         _2372_ (net)
                  0.11    0.00   37.76 ^ _6726_/A2 (sky130_fd_sc_hd__a21o_4)
     3    0.02    0.07    0.17   37.93 ^ _6726_/X (sky130_fd_sc_hd__a21o_4)
                                         _2383_ (net)
                  0.07    0.00   37.93 ^ rebuffer29/A (sky130_fd_sc_hd__buf_12)
     6    0.04    0.06    0.13   38.05 ^ rebuffer29/X (sky130_fd_sc_hd__buf_12)
                                         net96 (net)
                  0.06    0.00   38.06 ^ _8042_/S (sky130_fd_sc_hd__mux2_4)
     3    0.01    0.06    0.32   38.38 v _8042_/X (sky130_fd_sc_hd__mux2_4)
                                         _3695_ (net)
                  0.06    0.00   38.38 v _8043_/B (sky130_fd_sc_hd__or2_4)
     2    0.01    0.05    0.24   38.62 v _8043_/X (sky130_fd_sc_hd__or2_4)
                                         _3696_ (net)
                  0.05    0.00   38.62 v _8051_/A2 (sky130_fd_sc_hd__a21bo_1)
     4    0.01    0.08    0.25   38.87 v _8051_/X (sky130_fd_sc_hd__a21bo_1)
                                         _3704_ (net)
                  0.08    0.00   38.87 v _8055_/A4 (sky130_fd_sc_hd__o41a_1)
     2    0.01    0.10    0.39   39.26 v _8055_/X (sky130_fd_sc_hd__o41a_1)
                                         _3708_ (net)
                  0.10    0.00   39.26 v _8079_/A1 (sky130_fd_sc_hd__a31oi_4)
     3    0.02    0.19    0.21   39.47 ^ _8079_/Y (sky130_fd_sc_hd__a31oi_4)
                                         _3732_ (net)
                  0.19    0.00   39.47 ^ _8129_/A2 (sky130_fd_sc_hd__a211o_4)
     3    0.02    0.07    0.20   39.66 ^ _8129_/X (sky130_fd_sc_hd__a211o_4)
                                         _3782_ (net)
                  0.07    0.00   39.66 ^ _8133_/A1 (sky130_fd_sc_hd__a21o_1)
     3    0.01    0.09    0.16   39.82 ^ _8133_/X (sky130_fd_sc_hd__a21o_1)
                                         _3786_ (net)
                  0.09    0.00   39.82 ^ _8169_/A (sky130_fd_sc_hd__buf_6)
     5    0.04    0.08    0.15   39.97 ^ _8169_/X (sky130_fd_sc_hd__buf_6)
                                         _3822_ (net)
                  0.08    0.00   39.97 ^ _8253_/S (sky130_fd_sc_hd__mux2_4)
     2    0.01    0.06    0.33   40.30 v _8253_/X (sky130_fd_sc_hd__mux2_4)
                                         _3906_ (net)
                  0.06    0.00   40.30 v _8254_/B (sky130_fd_sc_hd__xnor2_1)
     2    0.01    0.07    0.15   40.45 v _8254_/Y (sky130_fd_sc_hd__xnor2_1)
                                         _3907_ (net)
                  0.07    0.00   40.45 v _8260_/B (sky130_fd_sc_hd__and4_1)
     1    0.00    0.04    0.19   40.64 v _8260_/X (sky130_fd_sc_hd__and4_1)
                                         _3913_ (net)
                  0.04    0.00   40.64 v _8266_/A (sky130_fd_sc_hd__or3_4)
     1    0.00    0.06    0.39   41.03 v _8266_/X (sky130_fd_sc_hd__or3_4)
                                         _3919_ (net)
                  0.06    0.00   41.03 v _8270_/A1 (sky130_fd_sc_hd__a211o_1)
     1    0.00    0.05    0.27   41.29 v _8270_/X (sky130_fd_sc_hd__a211o_1)
                                         _3923_ (net)
                  0.05    0.00   41.29 v _8274_/A1 (sky130_fd_sc_hd__a21o_1)
     1    0.01    0.05    0.17   41.47 v _8274_/X (sky130_fd_sc_hd__a21o_1)
                                         _3927_ (net)
                  0.05    0.00   41.47 v _8298_/A2 (sky130_fd_sc_hd__a22o_1)
     1    0.01    0.06    0.26   41.73 v _8298_/X (sky130_fd_sc_hd__a22o_1)
                                         _3951_ (net)
                  0.06    0.00   41.73 v _8302_/A1 (sky130_fd_sc_hd__a211oi_2)
     2    0.01    0.20    0.23   41.96 ^ _8302_/Y (sky130_fd_sc_hd__a211oi_2)
                                         _3955_ (net)
                  0.20    0.00   41.96 ^ _8304_/C (sky130_fd_sc_hd__or3_4)
     3    0.01    0.05    0.18   42.13 ^ _8304_/X (sky130_fd_sc_hd__or3_4)
                                         _3957_ (net)
                  0.05    0.00   42.13 ^ rebuffer17/A (sky130_fd_sc_hd__clkbuf_1)
     1    0.00    0.05    0.09   42.22 ^ rebuffer17/X (sky130_fd_sc_hd__clkbuf_1)
                                         net84 (net)
                  0.05    0.00   42.22 ^ rebuffer13/A (sky130_fd_sc_hd__clkbuf_1)
     1    0.00    0.05    0.09   42.32 ^ rebuffer13/X (sky130_fd_sc_hd__clkbuf_1)
                                         net80 (net)
                  0.05    0.00   42.32 ^ rebuffer12/A (sky130_fd_sc_hd__clkbuf_1)
     1    0.00    0.04    0.09   42.40 ^ rebuffer12/X (sky130_fd_sc_hd__clkbuf_1)
                                         net79 (net)
                  0.04    0.00   42.40 ^ _8311_/A (sky130_fd_sc_hd__and3_1)
     1    0.00    0.05    0.13   42.54 ^ _8311_/X (sky130_fd_sc_hd__and3_1)
                                         _3963_ (net)
                  0.05    0.00   42.54 ^ _8312_/A (sky130_fd_sc_hd__clkbuf_1)
     1    0.01    0.08    0.11   42.65 ^ _8312_/X (sky130_fd_sc_hd__clkbuf_1)
                                         net43 (net)
                  0.08    0.00   42.65 ^ output43/A (sky130_fd_sc_hd__buf_6)
     1    0.03    0.08    0.14   42.80 ^ output43/X (sky130_fd_sc_hd__buf_6)
                                         seg[1] (net)
                  0.08    0.00   42.80 ^ seg[1] (out)
                                 42.80   data arrival time

                         10.00   10.00   clock clk (rise edge)
                          0.00   10.00   clock network delay (propagated)
                         -0.25    9.75   clock uncertainty
                          0.00    9.75   clock reconvergence pessimism
                         -2.00    7.75   output external delay
                                  7.75   data required time
-----------------------------------------------------------------------------
                                  7.75   data required time
                                -42.80   data arrival time
-----------------------------------------------------------------------------
                                -35.05   slack (VIOLATED)




===========================================================================
 report_check_types -max_slew -max_cap -max_fanout -violators
============================================================================
======================= Typical Corner ===================================

max fanout

Pin                                   Limit Fanout  Slack
---------------------------------------------------------
clkbuf_4_8_0_clk/X                       10     18     -8 (VIOLATED)
clkbuf_4_0_0_clk/X                       10     17     -7 (VIOLATED)
clkbuf_0_clk/X                           10     16     -6 (VIOLATED)
clkbuf_4_2_0_clk/X                       10     16     -6 (VIOLATED)
clkbuf_4_13_0_clk/X                      10     14     -4 (VIOLATED)
clkbuf_4_7_0_clk/X                       10     14     -4 (VIOLATED)
clkbuf_4_9_0_clk/X                       10     13     -3 (VIOLATED)
clkbuf_4_10_0_clk/X                      10     12     -2 (VIOLATED)
clkbuf_4_1_0_clk/X                       10     12     -2 (VIOLATED)
clkbuf_4_11_0_clk/X                      10     11        (VIOLATED)
clkbuf_4_14_0_clk/X                      10     11        (VIOLATED)
clkbuf_4_3_0_clk/X                       10     11        (VIOLATED)
clkbuf_4_5_0_clk/X                       10     11        (VIOLATED)
clkbuf_4_6_0_clk/X                       10     11        (VIOLATED)


max slew violations count Typical: 0
max fanout violations count Typical: 14
max cap violations count Typical: 0

===========================================================================
report_parasitic_annotation -report_unannotated
============================================================================
Found 15 unannotated drivers.
 clkload0/Y
 clkload1/Y
 clkload10/Y
 clkload11/Y
 clkload12/Y
 clkload13/Y
 clkload14/Y
 clkload2/Y
 clkload3/Y
 clkload4/Y
 clkload5/Y
 clkload6/Y
 clkload7/Y
 clkload8/Y
 clkload9/Y
Found 376 partially unannotated drivers.
 clk
 reset
 _4339_/X
 _4340_/X
 _4341_/X
 _4345_/X
 _4346_/Y
 _4347_/X
 _4348_/X
 _4349_/X
 _4354_/Y
 _4355_/Y
 _4356_/X
 _4358_/X
 _4359_/Y
 _4363_/X
 _4364_/X
 _4366_/X
 _4368_/X
 _4370_/X
 _4372_/X
 _4378_/X
 _4379_/Y
 _4384_/X
 _4388_/Y
 _4390_/X
 _4391_/X
 _4401_/X
 _4411_/X
 _4415_/X
 _4417_/X
 _4435_/Y
 _4442_/X
 _4504_/X
 _4525_/X
 _4541_/Y
 _4546_/X
 _4551_/X
 _4558_/X
 _4559_/Y
 _4638_/X
 _4640_/X
 _4642_/X
 _4645_/X
 _4646_/X
 _4647_/X
 _4649_/X
 _4652_/X
 _4655_/X
 _4658_/X
 _4660_/Y
 _4670_/X
 _4672_/X
 _4673_/X
 _4675_/X
 _4679_/X
 _4686_/X
 _4690_/X
 _4692_/X
 _4694_/X
 _4701_/X
 _4702_/X
 _4703_/X
 _4705_/X
 _4709_/X
 _4719_/X
 _4731_/X
 _4741_/X
 _4745_/X
 _4749_/X
 _4750_/X
 _4751_/X
 _4752_/X
 _4753_/X
 _4762_/X
 _4767_/X
 _4770_/X
 _4772_/X
 _4773_/X
 _4778_/X
 _4779_/X
 _4782_/X
 _4784_/X
 _4786_/X
 _4793_/X
 _4796_/X
 _4798_/Y
 _4799_/X
 _4800_/X
 _4801_/X
 _4805_/X
 _4806_/X
 _4810_/X
 _4811_/X
 _4813_/X
 _4815_/X
 _4817_/X
 _4818_/X
 _4822_/X
 _4824_/X
 _4826_/X
 _4829_/X
 _4831_/X
 _4832_/X
 _4838_/X
 _4840_/X
 _4846_/X
 _4848_/X
 _4853_/X
 _4855_/X
 _4859_/X
 _4865_/X
 _4867_/X
 _4872_/X
 _4879_/X
 _4883_/X
 _4890_/X
 _4894_/X
 _4896_/X
 _4898_/X
 _4901_/X
 _4959_/Y
 _4960_/X
 _4961_/X
 _4965_/Y
 _4969_/X
 _4970_/X
 _4971_/X
 _4974_/X
 _4977_/X
 _4979_/X
 _4980_/X
 _4984_/X
 _4986_/X
 _4987_/X
 _4988_/X
 _4990_/X
 _4992_/X
 _4994_/X
 _4996_/X
 _4997_/Y
 _4998_/X
 _5001_/Y
 _5008_/Y
 _5020_/X
 _5023_/Y
 _5035_/Y
 _5039_/X
 _5046_/X
 _5056_/X
 _5059_/Y
 _5061_/X
 _5063_/Y
 _5067_/X
 _5087_/X
 _5094_/Y
 _5096_/X
 _5130_/X
 _5141_/X
 _5148_/Y
 _5151_/X
 _5182_/Y
 _5191_/X
 _5193_/X
 _5194_/Y
 _5213_/X
 _5217_/Y
 _5247_/X
 _5250_/Y
 _5251_/X
 _5266_/Y
 _5267_/Y
 _5277_/Y
 _5281_/Y
 _5293_/X
 _5302_/X
 _5312_/X
 _5317_/X
 _5331_/X
 _5333_/X
 _5346_/X
 _5353_/X
 _5370_/Y
 _5372_/Y
 _5374_/X
 _5394_/X
 _5414_/Y
 _5448_/X
 _5456_/X
 _5457_/Y
 _5459_/X
 _5462_/X
 _5475_/X
 _5511_/X
 _5523_/X
 _5524_/Y
 _5525_/Y
 _5536_/Y
 _5562_/Y
 _5572_/X
 _5590_/X
 _5597_/X
 _5599_/X
 _5600_/Y
 _5603_/Y
 _5605_/X
 _5615_/X
 _5616_/X
 _5636_/Y
 _5675_/Y
 _5676_/X
 _5713_/X
 _5721_/X
 _5726_/X
 _5777_/Y
 _5780_/X
 _5797_/X
 _5825_/X
 _5827_/X
 _5848_/X
 _5874_/X
 _5911_/X
 _5923_/X
 _5936_/Y
 _5938_/X
 _5959_/X
 _6020_/X
 _6030_/X
 _6064_/X
 _6077_/Y
 _6120_/X
 _6127_/X
 _6136_/X
 _6163_/X
 _6197_/X
 _6206_/X
 _6222_/X
 _6293_/X
 _6311_/X
 _6320_/X
 _6328_/X
 _6341_/Y
 _6416_/X
 _6430_/Y
 _6431_/X
 _6441_/X
 _6452_/Y
 _6455_/X
 _6465_/X
 _6480_/Y
 _6516_/Y
 _6518_/Y
 _6549_/Y
 _6579_/X
 _6618_/X
 _6644_/X
 _6667_/X
 _6682_/X
 _6731_/X
 _6739_/X
 _6742_/X
 _6743_/X
 _6745_/X
 _6746_/X
 _6795_/X
 _6801_/X
 _6804_/X
 _6807_/X
 _6818_/X
 _6819_/Y
 _6861_/X
 _6869_/X
 _6893_/Y
 _6898_/X
 _6907_/X
 _6935_/X
 _7086_/X
 _7105_/X
 _7133_/Y
 _7147_/X
 _7201_/X
 _7354_/Y
 _7358_/X
 _7386_/Y
 _7392_/X
 _7401_/X
 _7432_/X
 _7436_/X
 _7462_/Y
 _7622_/X
 _7674_/X
 _7678_/Y
 _7679_/X
 _7680_/X
 _7685_/X
 _7688_/X
 _7689_/X
 _7695_/X
 _7697_/X
 _7712_/X
 _7716_/X
 _7719_/X
 _7840_/X
 _7897_/X
 _7952_/X
 _8064_/X
 _8082_/X
 _8181_/X
 _8294_/Y
 _8324_/X
 _8332_/Y
 _8361_/Y
 _8370_/X
 _8444_/X
 _8445_/X
 _8446_/X
 _8467_/X
 _8488_/X
 _8518_/X
 _8529_/X
 _8547_/X
 _8548_/X
 _8569_/X
 _8615_/X
 _8637_/X
 _8658_/X
 _8687_/Q
 _8705_/Q
 _8759_/Q
 _8760_/Q
 _8765_/Q
 _8766_/Q
 _8767_/Q
 _8768_/Q
 _8769_/Q
 _8770_/Q
 _8771_/Q
 _8774_/Q
 _8775_/Q
 _8776_/Q
 _8777_/Q
 _8778_/Q
 _8779_/Q
 _8781_/Q
 _8783_/Q
 _8785_/Q
 _8788_/Q
 _8867_/Q
 clkbuf_0_clk/X
 clkbuf_4_11_0_clk/X
 clkbuf_4_12_0_clk/X
 clkbuf_4_13_0_clk/X
 clkbuf_4_1_0_clk/X
 clkbuf_4_2_0_clk/X
 clkbuf_4_5_0_clk/X
 clkbuf_4_9_0_clk/X
 clone1/Y
 clone14/X
 clone15/X
 clone2/Y
 clone21/Y
 clone23/X
 clone33/X
 clone34/X
 clone4/Y
 fanout61/X
 fanout62/X
 fanout63/X
 fanout64/X
 fanout65/X
 fanout66/X
 fanout67/X
 max_cap59/X
 output13/X
 output22/X
 split43/X

===========================================================================
max slew violation count 0
max fanout violation count 14
max cap violation count 0
============================================================================

===========================================================================
check_setup -verbose -unconstrained_endpoints -multiple_clock -no_clock -no_input_delay -loops -generated_clocks
===========================================================================
